node.exe : [baseline-browser-mapping] The data in this module is over two months old.  To ensure accurate Baseline data, please update: `npm i baseline-browser-mapping@latest -D`
At line:1 char:1
+ & "C:\nvm4w\nodejs/node.exe" "C:\nvm4w\nodejs/node_modules/npm/bin/np ...
+ ~~~~~~~~~~~~~~~~~~~~~~~~~~~~~~~~~~~~~~~~~~~~~~~~~~~~~~~~~~~~~~~~~~~~~
    + CategoryInfo          : NotSpecified: ([baseline-brows...ping@latest -D`:String) [], RemoteException
    + FullyQualifiedErrorId : NativeCommandError
 
FAIL src/__tests__/integration/site-deactivation.test.ts (10.887 s)
  Site and Facility Deactivation
    ├ù should create a site, deactivate it, and verify isActive flag (5008 ms)
    ├ù should create a facility, deactivate it, and verify isActive flag (5028 ms)

  ΓùÅ Site and Facility Deactivation ΓÇ║ should create a site, deactivate it, and verify isActive flag

    expect(received).toBe(expected) // Object.is equality

    Expected: true
    Received: undefined

    [0m [90m 51 |[39m         }[33m,[39m (res1[33m:[39m any) [33m=>[39m {
     [90m 52 |[39m             expect(res1[33m.[39mstatus)[33m.[39mtoBe([32m'ok'[39m)[33m;[39m
    [31m[1m>[22m[39m[90m 53 |[39m             expect(res1[33m.[39mdata[33m.[39misActive)[33m.[39mtoBe([36mtrue[39m)[33m;[39m
     [90m    |[39m                                        [31m[1m^[22m[39m
     [90m 54 |[39m
     [90m 55 |[39m             [90m// 2. Deactivate Site[39m
     [90m 56 |[39m             socket[33m.[39memit([32m"action"[39m[33m,[39m {[0m

      at Socket.toBe (src/__tests__/integration/site-deactivation.test.ts:53:40)
      at Socket.onack (node_modules/socket.io-client/build/cjs/socket.js:604:13)
      at Socket.onpacket (node_modules/socket.io-client/build/cjs/socket.js:518:22)
      at Manager.Emitter.emit (node_modules/@socket.io/component-emitter/lib/cjs/index.js:143:20)
      at node_modules/socket.io-client/build/cjs/manager.js:246:18

  ΓùÅ Site and Facility Deactivation ΓÇ║ should create a site, deactivate it, and verify isActive flag

    thrown: "Exceeded timeout of 5000 ms for a test while waiting for `done()` to be called.
    Add a timeout value to this test to increase the timeout, if this is a long-running test. See https://jestjs.io/docs/api#testname-fn-timeout."

    [0m [90m 44 |[39m     })[33m;[39m
     [90m 45 |[39m
    [31m[1m>[22m[39m[90m 46 |[39m     it([32m"should create a site, deactivate it, and verify isActive flag"[39m[33m,[39m (done) [33m=>[39m {
     [90m    |[39m     [31m[1m^[22m[39m
     [90m 47 |[39m         [90m// 1. Create Site[39m
     [90m 48 |[39m         socket[33m.[39memit([32m"action"[39m[33m,[39m { 
     [90m 49 |[39m             type[33m:[39m [33mSocketAction[39m[33m.[39m[33mADD_SITE[39m[33m,[39m [0m

      at it (src/__tests__/integration/site-deactivation.test.ts:46:5)
      at Object.describe (src/__tests__/integration/site-deactivation.test.ts:7:1)

  ΓùÅ Site and Facility Deactivation ΓÇ║ should create a facility, deactivate it, and verify isActive flag

    expect(received).toBe(expected) // Object.is equality

    Expected: true
    Received: undefined

    [0m [90m 72 |[39m         }[33m,[39m (res1[33m:[39m any) [33m=>[39m {
     [90m 73 |[39m             expect(res1[33m.[39mstatus)[33m.[39mtoBe([32m'ok'[39m)[33m;[39m
    [31m[1m>[22m[39m[90m 74 |[39m             expect(res1[33m.[39mdata[33m.[39misActive)[33m.[39mtoBe([36mtrue[39m)[33m;[39m
     [90m    |[39m                                        [31m[1m^[22m[39m
     [90m 75 |[39m
     [90m 76 |[39m             [90m// 2. Deactivate Facility[39m
     [90m 77 |[39m             socket[33m.[39memit([32m"action"[39m[33m,[39m {[0m

      at Socket.toBe (src/__tests__/integration/site-deactivation.test.ts:74:40)
      at Socket.onack (node_modules/socket.io-client/build/cjs/socket.js:604:13)
      at Socket.onpacket (node_modules/socket.io-client/build/cjs/socket.js:518:22)
      at Manager.Emitter.emit (node_modules/@socket.io/component-emitter/lib/cjs/index.js:143:20)
      at node_modules/socket.io-client/build/cjs/manager.js:246:18

  ΓùÅ Site and Facility Deactivation ΓÇ║ should create a facility, deactivate it, and verify isActive flag

    thrown: "Exceeded timeout of 5000 ms for a test while waiting for `done()` to be called.
    Add a timeout value to this test to increase the timeout, if this is a long-running test. See https://jestjs.io/docs/api#testname-fn-timeout."

    [0m [90m 65 |[39m     })[33m;[39m
     [90m 66 |[39m
    [31m[1m>[22m[39m[90m 67 |[39m     it([32m"should create a facility, deactivate it, and verify isActive flag"[39m[33m,[39m (done) [33m=>[39m {
     [90m    |[39m     [31m[1m^[22m[39m
     [90m 68 |[39m         [90m// 1. Create Facility[39m
     [90m 69 |[39m         socket[33m.[39memit([32m"action"[39m[33m,[39m { 
     [90m 70 |[39m             type[33m:[39m [33mSocketAction[39m[33m.[39m[33mADD_FACILITY[39m[33m,[39m [0m

      at it (src/__tests__/integration/site-deactivation.test.ts:67:5)
      at Object.describe (src/__tests__/integration/site-deactivation.test.ts:7:1)

Test Suites: 1 failed, 1 total
Tests:       2 failed, 2 total
Snapshots:   0 total
Time:        11.022 s, estimated 12 s
Ran all test suites matching src/__tests__/integration/site-deactivation.test.ts.
